// Jest Snapshot v1, https://goo.gl/fbAQLP

exports[`renders correctly 1`] = `
<nav
  className="navbar navbar-expand-lg navbar-dark bg-primary mb-3"
>
  <div
    className="container"
  >
    <button
      aria-controls="navbarNav"
      aria-expanded="false"
      aria-label="Toggle navigation"
      className="navbar-toggler"
      data-target="#navbarNav"
      data-toggle="collapse"
      type="button"
    >
      <span
        className="navbar-toggler-icon"
      />
    </button>
    <div
      className="collapse navbar-collapse"
      id="navbarNav"
    >
      <ul
        className="navbar-nav mr-auto"
      >
        <li
          className="nav-item active"
        >
          <a
            aria-current="page"
            className="nav-link active"
            href="/"
            onClick={[Function]}
            style={
              Object {
                "fontWeight": "bold",
              }
            }
          >
            Home
            <span
              className="sr-only"
            >
              (current)
            </span>
          </a>
        </li>
        <li
          className="nav-item active"
        >
          <a
            aria-current={null}
            className="nav-link"
            href="/movies-list/1"
            onClick={[Function]}
          >
            Movies
            <span
              className="sr-only"
            >
              (current)
            </span>
          </a>
        </li>
        <li
          className="nav-item active"
        >
          <a
            aria-current={null}
            className="nav-link"
            href="/tv-list/1"
            onClick={[Function]}
          >
            TV Shows
            <span
              className="sr-only"
            >
              (current)
            </span>
          </a>
        </li>
      </ul>
      <span
        className="navbar-text"
      >
        <form
          className="form-inline"
          onSubmit={[Function]}
        >
          <input
            aria-label="Search"
            className="form-control mr-sm-2"
            onChange={[Function]}
            placeholder="Search..."
            type="text"
            value=""
          />
          <input
            className="btn btn-outline-success my-2 my-sm-0"
            type="submit"
            value="Search"
          />
        </form>
      </span>
    </div>
  </div>
</nav>
`;
